
> websitebuilder-admin@0.1.0 build
> next build

  Γû▓ Next.js 14.2.31
  - Environments: .env.local

   Creating an optimized production build ...
 Γ£ô Compiled successfully
   Linting and checking validity of types ...
node.exe : Failed to compile.
At C:\Program Files\nodejs\npm.ps1:29 char:3
+   & $NODE_EXE $NPM_CLI_JS $args
+   ~~~~~~~~~~~~~~~~~~~~~~~~~~~~~
    + CategoryInfo          : NotSpecified: (Failed to compile.:String) [], RemoteException
    + FullyQualifiedErrorId : NativeCommandError
 

./src/components/editor/EditorPreview.tsx:466:13
Type error: Type 'GlobalThemeConfig | undefined' is not assignable to type 'GlobalThemeConfig | null'.
  Type 'undefined' is not assignable to type 'GlobalThemeConfig | null'.

[0m [90m 464 |[39m           [33m<[39m[33mPreviewAnnouncementBar[39m[0m
[0m [90m 465 |[39m             config[33m=[39m{announcementConfig}[0m
[0m[31m[1m>[22m[39m[90m 466 |[39m             theme[33m=[39m{normalizedThemeConfig}[0m
[0m [90m     |[39m             [31m[1m^[22m[39m[0m
[0m [90m 467 |[39m             pageType[33m=[39m{selectedPageType [36mas[39m string}[0m
[0m [90m 468 |[39m             deviceView[33m=[39m{deviceView [36mas[39m [32m'desktop'[39m [33m|[39m 
[32m'mobile'[39m}[0m
[0m [90m 469 |[39m             isEditor[33m=[39m{[36mtrue[39m}[0m
Next.js build worker exited with code: 1 and signal: null
